name: Dart
^^^^
source-text-data-yaml-literal-string-unquoted
    ^
    source-text-data-yaml-punctuation-separator
     ^
     source-text-data-yaml-whitespace
      ^^^^
      source-text-data-yaml-literal-string-unquoted
version: 3
^^^^^^^
source-text-data-yaml-literal-string-unquoted
       ^
       source-text-data-yaml-punctuation-separator
        ^
        source-text-data-yaml-whitespace
         ^
         source-text-data-yaml-literal-string-unquoted
stable: true
^^^^^^
source-text-data-yaml-literal-string-unquoted
      ^
      source-text-data-yaml-punctuation-separator
       ^
       source-text-data-yaml-whitespace
        ^^^^
        source-text-data-yaml-literal-string-unquoted
type: "programming language"
^^^^
source-text-data-yaml-literal-string-unquoted
    ^
    source-text-data-yaml-punctuation-separator
     ^
     source-text-data-yaml-whitespace
      ^
      source-text-data-yaml-literal-string-quoted-double-literal-string-quoted-double-begin
       ^^^^^^^^^^^^^^^^^^^^
       source-text-data-yaml-literal-string-quoted-double-literal-string-unquoted
                           ^
                           source-text-data-yaml-literal-string-quoted-double-literal-string-quoted-double-end
tags: ["object-oriented", "functional"]
^^^^
source-text-data-yaml-literal-string-unquoted
    ^
    source-text-data-yaml-punctuation-separator
     ^
     source-text-data-yaml-whitespace
      ^
      source-text-data-yaml-punctuation
       ^
       source-text-data-yaml-literal-string-quoted-double-literal-string-quoted-double-begin
        ^^^^^^^^^^^^^^^
        source-text-data-yaml-literal-string-quoted-double-literal-string-unquoted
                       ^
                       source-text-data-yaml-literal-string-quoted-double-literal-string-quoted-double-end
                        ^
                        source-text-data-yaml-punctuation-separator
                         ^
                         source-text-data-yaml-whitespace
                          ^
                          source-text-data-yaml-literal-string-quoted-double-literal-string-quoted-double-begin
                           ^^^^^^^^^^
                           source-text-data-yaml-literal-string-quoted-double-literal-string-unquoted
                                     ^
                                     source-text-data-yaml-literal-string-quoted-double-literal-string-quoted-double-end
                                      ^
                                      source-text-data-yaml-punctuation
